// Jest Snapshot v1, https://goo.gl/fbAQLP

exports[`RouteLinks Should render correctly 1`] = `null`;
